// Jest Snapshot v1, https://goo.gl/fbAQLP

exports[`MethodDeclaration duplicate params 1`] = `
"// fakeid
dividerImageForLeftSegmentState_rightSegmentState(state: cocoascript.UIControlState, state1: cocoascript.UIControlState):cocoascript.UIImage;"
`;

exports[`MethodDeclaration multiple params 1`] = `
"// fakeid
addSubview_positioned_relativeTo(view: cocoascript.NSView, place: cocoascript.NSWindowOrderingMode, otherView: cocoascript.NSView):void;"
`;

exports[`MethodDeclaration simple method 1`] = `
"// fakeid
initWithFrame(frameRect: cocoascript.NSRect):cocoascript.NSView;"
`;

exports[`MethodDeclaration unsigned params 1`] = `
"// fakeid
initWithBitmapDataPlanes_pixelsWide_pixelsHigh_bitsPerSample_samplesPerPixel_hasAlpha_isPlanar_colorSpaceName_bitmapFormat_bytesPerRow_bitsPerPixel(planes: string, width: cocoascript.NSInteger, height: cocoascript.NSInteger, bps: cocoascript.NSInteger, spp: cocoascript.NSInteger, alpha: cocoascript.BOOL, isPlanar: cocoascript.BOOL, colorSpaceName: cocoascript.NSColorSpaceName, bitmapFormat: cocoascript.NSBitmapFormat, rBytes: cocoascript.NSInteger, pBits: cocoascript.NSInteger):cocoascript.NSView;"
`;

exports[`MethodDeclaration with nullable 1`] = `
"// fakeid
typeOfFile_error(absoluteFilePath: cocoascript.NSString, outError: cocoascript.NSError):cocoascript.NSString;"
`;
